// Vitest Snapshot v1, https://vitest.dev/guide/snapshot.html

exports[`renders NotFound component correctly 1`] = `
<div>
  <div
    class="error-content-container light"
  >
    <h1
      class="error-content"
    >
      Ooops... Page not found!
    </h1>
    <img
      alt="Cat"
      class="error-img"
      src="/cat.png"
    />
    <a
      href="/"
    >
      <button
        class="go-to-main-button light"
      >
        Go to Main
      </button>
    </a>
  </div>
</div>
`;
